IQ2_XXS /IQ4_NL    512 x  256  84 calls: bitwise equal to v1 (76800 output floats written in all)
IQ2_XXS /IQ4_XS    512 x  256  84 calls: bitwise equal to v1 (83968 output floats written in all)
IQ2_XXS /Q2_0      512 x  256  84 calls: bitwise equal to v1 (80384 output floats written in all)
IQ2_XXS /Q5_1      512 x  256  84 calls: bitwise equal to v1 (80384 output floats written in all)
IQ2_XXS /Q8_0      512 x  256  84 calls: bitwise equal to v1 (80896 output floats written in all)
IQ2_XS  /IQ4_NL    512 x  256  84 calls: bitwise equal to v1 (80896 output floats written in all)
IQ2_XS  /IQ4_XS    512 x  256  84 calls: bitwise equal to v1 (83968 output floats written in all)
IQ2_XS  /Q2_0      512 x  256  84 calls: bitwise equal to v1 (80896 output floats written in all)
IQ2_XS  /Q5_1      512 x  256  84 calls: bitwise equal to v1 (75776 output floats written in all)
IQ2_XS  /Q8_0      512 x  256  84 calls: bitwise equal to v1 (80384 output floats written in all)
IQ3_XXS /IQ4_NL    512 x  256  84 calls: bitwise equal to v1 (78336 output floats written in all)
IQ3_XXS /IQ4_XS    512 x  256  84 calls: bitwise equal to v1 (80384 output floats written in all)
IQ3_XXS /Q2_0      512 x  256  84 calls: bitwise equal to v1 (76288 output floats written in all)
IQ3_XXS /Q5_1      512 x  256  84 calls: bitwise equal to v1 (77312 output floats written in all)
IQ3_XXS /Q8_0      512 x  256  84 calls: bitwise equal to v1 (76288 output floats written in all)
IQ3_S   /IQ4_NL    512 x  256  84 calls: bitwise equal to v1 (79360 output floats written in all)
IQ3_S   /IQ4_XS    512 x  256  84 calls: bitwise equal to v1 (79872 output floats written in all)
IQ3_S   /Q2_0      512 x  256  84 calls: bitwise equal to v1 (77824 output floats written in all)
IQ3_S   /Q5_1      512 x  256  84 calls: bitwise equal to v1 (87552 output floats written in all)
IQ3_S   /Q8_0      512 x  256  84 calls: bitwise equal to v1 (83968 output floats written in all)
IQ2_S   /IQ4_NL    512 x  256  84 calls: bitwise equal to v1 (80896 output floats written in all)
IQ2_S   /IQ4_XS    512 x  256  84 calls: bitwise equal to v1 (79360 output floats written in all)
IQ2_S   /Q2_0      512 x  256  84 calls: bitwise equal to v1 (75776 output floats written in all)
IQ2_S   /Q5_1      512 x  256  84 calls: bitwise equal to v1 (81920 output floats written in all)
IQ2_S   /Q8_0      512 x  256  84 calls: bitwise equal to v1 (82944 output floats written in all)
IQ4_XS  /IQ4_NL    512 x  256  84 calls: bitwise equal to v1 (79872 output floats written in all)
IQ4_XS  /IQ4_XS    512 x  256  84 calls: bitwise equal to v1 (82432 output floats written in all)
IQ4_XS  /Q2_0      512 x  256  84 calls: bitwise equal to v1 (84992 output floats written in all)
IQ4_XS  /Q5_1      512 x  256  84 calls: bitwise equal to v1 (80384 output floats written in all)
IQ4_XS  /Q8_0      512 x  256  84 calls: bitwise equal to v1 (74752 output floats written in all)
IQ1_M   /IQ4_NL    512 x  256  84 calls: bitwise equal to v1 (81408 output floats written in all)
IQ1_M   /IQ4_XS    512 x  256  84 calls: bitwise equal to v1 (81920 output floats written in all)
IQ1_M   /Q2_0      512 x  256  84 calls: bitwise equal to v1 (74752 output floats written in all)
IQ1_M   /Q5_1      512 x  256  84 calls: bitwise equal to v1 (78336 output floats written in all)
IQ1_M   /Q8_0      512 x  256  84 calls: bitwise equal to v1 (83968 output floats written in all)
Q2_0    /IQ4_NL    512 x  256  84 calls: bitwise equal to v1 (83456 output floats written in all)
Q2_0    /IQ4_XS    512 x  256  84 calls: bitwise equal to v1 (73216 output floats written in all)
Q2_0    /Q2_0      512 x  256  84 calls: bitwise equal to v1 (82944 output floats written in all)
Q2_0    /Q5_1      512 x  256  84 calls: bitwise equal to v1 (80384 output floats written in all)
Q2_0    /Q8_0      512 x  256  84 calls: bitwise equal to v1 (79872 output floats written in all)
Q4_K    /IQ4_NL    512 x  256  84 calls: bitwise equal to v1 (77312 output floats written in all)
Q4_K    /IQ4_XS    512 x  256  84 calls: bitwise equal to v1 (73216 output floats written in all)
Q4_K    /Q2_0      512 x  256  84 calls: bitwise equal to v1 (73728 output floats written in all)
Q4_K    /Q5_1      512 x  256  84 calls: bitwise equal to v1 (75776 output floats written in all)
Q4_K    /Q8_0      512 x  256  84 calls: bitwise equal to v1 (86016 output floats written in all)
Q5_K    /IQ4_NL    512 x  256  84 calls: bitwise equal to v1 (69632 output floats written in all)
Q5_K    /IQ4_XS    512 x  256  84 calls: bitwise equal to v1 (78848 output floats written in all)
Q5_K    /Q2_0      512 x  256  84 calls: bitwise equal to v1 (76800 output floats written in all)
Q5_K    /Q5_1      512 x  256  84 calls: bitwise equal to v1 (84480 output floats written in all)
Q5_K    /Q8_0      512 x  256  84 calls: bitwise equal to v1 (74240 output floats written in all)
Q8_0    /IQ4_NL    512 x  256  84 calls: bitwise equal to v1 (75264 output floats written in all)
Q8_0    /IQ4_XS    512 x  256  84 calls: bitwise equal to v1 (81920 output floats written in all)
Q8_0    /Q2_0      512 x  256  84 calls: bitwise equal to v1 (71680 output floats written in all)
Q8_0    /Q5_1      512 x  256  84 calls: bitwise equal to v1 (78848 output floats written in all)
Q8_0    /Q8_0      512 x  256  84 calls: bitwise equal to v1 (80896 output floats written in all)
IQ3_S   /IQ4_NL   2560 x  640  84 calls: bitwise equal to v1 (399360 output floats written in all)
IQ3_S   /IQ4_XS   2560 x  768  84 calls: bitwise equal to v1 (409600 output floats written in all)
native_grouped_parity: 0 failures
